\BOOKMARK [1][]{section*.1}{Contents}{}% 1
\BOOKMARK [1][]{section*.2}{List of Figures}{}% 2
\BOOKMARK [1][]{section*.3}{List of Tables}{}% 3
\BOOKMARK [1][]{section.1}{Introduction}{}% 4
\BOOKMARK [2][]{subsection.1.1}{Observation data}{section.1}% 5
\BOOKMARK [1][]{section.2}{RS data analysis}{}% 6
\BOOKMARK [2][]{subsection.2.1}{Review of RS products}{section.2}% 7
\BOOKMARK [3][]{subsubsection.2.1.1}{Precipitation products}{subsection.2.1}% 8
\BOOKMARK [3][]{subsubsection.2.1.2}{Evapotranspiration products}{subsection.2.1}% 9
\BOOKMARK [3][]{subsubsection.2.1.3}{Grace solutions \(change in storage\)}{subsection.2.1}% 10
\BOOKMARK [2][]{subsection.2.2}{Runoff comparison}{section.2}% 11
\BOOKMARK [2][]{subsection.2.3}{Water Balance error}{section.2}% 12
\BOOKMARK [1][]{section.3}{Selection of RS products for WA}{}% 13
\BOOKMARK [1][]{section*.21}{References}{}% 14
\BOOKMARK [1][]{section*.22}{Annexes}{}% 15
\BOOKMARK [2][]{subsection.3.1}{Remote sensing products}{section*.22}% 16
\BOOKMARK [2][]{subsection.3.2}{The yearly mean P-ET-S and Q, \(unit: Mm3/year\)}{section*.22}% 17
\BOOKMARK [2][]{subsection.3.3}{The water balance P-ET-S and discharge Q, \(unit: mm/month\)}{section*.22}% 18
